[2025-09-07 13:19:59.866] [INFO ] 日志系统初始化完成
[2025-09-07 13:19:59.866] [DEBUG] [test_logger.cpp:17] 调试信息 - 用于开发调试
[2025-09-07 13:19:59.866] [INFO ] [test_logger.cpp:18] 信息日志 - 正常运行信息
[2025-09-07 13:19:59.866] [ERROR] [test_logger.cpp:19] 错误日志 - 错误和异常
[2025-09-07 13:19:59.866] [INFO ] [test_logger.cpp:25] 这条INFO信息应该显示
[2025-09-07 13:19:59.866] [ERROR] [test_logger.cpp:26] 这条ERROR信息应该显示
[2025-09-07 13:19:59.866] [INFO ] [test_logger.cpp:32] 线程1: 消息 0
[2025-09-07 13:19:59.866] [INFO ] [test_logger.cpp:39] 线程2: 消息 0
[2025-09-07 13:19:59.877] [INFO ] [test_logger.cpp:32] 线程1: 消息 1
[2025-09-07 13:19:59.877] [INFO ] [test_logger.cpp:39] 线程2: 消息 1
[2025-09-07 13:19:59.887] [INFO ] [test_logger.cpp:39] 线程2: 消息 2
[2025-09-07 13:19:59.887] [INFO ] [test_logger.cpp:32] 线程1: 消息 2
[2025-09-07 13:19:59.898] [INFO ] [test_logger.cpp:49] 这条信息会同时输出到控制台和test.log文件
[2025-09-07 13:20:48.890] [INFO ] 日志系统初始化完成
[2025-09-07 13:20:48.890] [DEBUG] [test_logger.cpp:17] 调试信息 - 用于开发调试
[2025-09-07 13:20:48.891] [INFO ] [test_logger.cpp:18] 信息日志 - 正常运行信息
[2025-09-07 13:20:48.891] [ERROR] [test_logger.cpp:19] 错误日志 - 错误和异常
[2025-09-07 13:20:48.891] [INFO ] [test_logger.cpp:25] 这条INFO信息应该显示
[2025-09-07 13:20:48.891] [ERROR] [test_logger.cpp:26] 这条ERROR信息应该显示
[2025-09-07 13:20:48.891] [INFO ] [test_logger.cpp:32] 线程1: 消息 0
[2025-09-07 13:20:48.891] [INFO ] [test_logger.cpp:39] 线程2: 消息 0
[2025-09-07 13:20:48.901] [INFO ] [test_logger.cpp:32] 线程1: 消息 1
[2025-09-07 13:20:48.901] [INFO ] [test_logger.cpp:39] 线程2: 消息 1
[2025-09-07 13:20:48.911] [INFO ] [test_logger.cpp:32] 线程1: 消息 2
[2025-09-07 13:20:48.911] [INFO ] [test_logger.cpp:39] 线程2: 消息 2
[2025-09-07 13:20:48.921] [INFO ] [test_logger.cpp:49] 这条信息会同时输出到控制台和test.log文件
